Copyright 1986-2019 Xilinx, Inc. All Rights Reserved.
-------------------------------------------------------------------------------------
| Tool Version : Vivado v.2019.1 (lin64) Build 2552052 Fri May 24 14:47:09 MDT 2019
| Date         : Sun Apr  5 19:25:45 2020
| Host         : fpgadev running 64-bit Ubuntu 18.04.4 LTS
| Command      : report_control_sets -verbose -file toplevel_control_sets_placed.rpt
| Design       : toplevel
| Device       : xc7z020
-------------------------------------------------------------------------------------

Control Set Information

Table of Contents
-----------------
1. Summary
2. Histogram
3. Flip-Flop Distribution
4. Detailed Control Set Information

1. Summary
----------

+----------------------------------------------------------+-------+
|                          Status                          | Count |
+----------------------------------------------------------+-------+
| Total control sets                                       |    77 |
|    Minimum number of control sets                        |    77 |
|    Addition due to synthesis replication                 |     0 |
|    Addition due to physical synthesis replication        |     0 |
| Unused register locations in slices containing registers |   156 |
+----------------------------------------------------------+-------+
* Control sets can be merged at opt_design using control_set_merge or merge_equivalent_drivers
** Run report_qor_suggestions for automated merging and remapping suggestions


2. Histogram
------------

+--------------------+-------+
|       Fanout       | Count |
+--------------------+-------+
| Total control sets |    77 |
| >= 0 to < 4        |     2 |
| >= 4 to < 6        |     6 |
| >= 6 to < 8        |     1 |
| >= 8 to < 10       |    10 |
| >= 10 to < 12      |     5 |
| >= 12 to < 14      |    12 |
| >= 14 to < 16      |     1 |
| >= 16              |    40 |
+--------------------+-------+
* Control sets can be remapped at either synth_design or opt_design


3. Flip-Flop Distribution
-------------------------

+--------------+-----------------------+------------------------+-----------------+--------------+
| Clock Enable | Synchronous Set/Reset | Asynchronous Set/Reset | Total Registers | Total Slices |
+--------------+-----------------------+------------------------+-----------------+--------------+
| No           | No                    | No                     |             315 |           96 |
| No           | No                    | Yes                    |           13646 |         2780 |
| No           | Yes                   | No                     |              46 |           21 |
| Yes          | No                    | No                     |               0 |            0 |
| Yes          | No                    | Yes                    |             726 |          282 |
| Yes          | Yes                   | No                     |             295 |           78 |
+--------------+-----------------------+------------------------+-----------------+--------------+


4. Detailed Control Set Information
-----------------------------------

+---------------------------------------------------------+-----------------------------------------------------------------------------------------------------------------------------------------+----------------------------------------------------------------------------------------------------------------------------------------------+------------------+----------------+
|                       Clock Signal                      |                                                              Enable Signal                                                              |                                                               Set/Reset Signal                                                               | Slice Load Count | Bel Load Count |
+---------------------------------------------------------+-----------------------------------------------------------------------------------------------------------------------------------------+----------------------------------------------------------------------------------------------------------------------------------------------+------------------+----------------+
|  clkout_IBUF_BUFG                                       |                                                                                                                                         | agcmonitor/usb_if/cmd_queue/U0/inst_fifo_gen/gconvfifo.rf/grf.rf/rstblk/ngwrdrst.grst.g7serrst.gsckt_wrst.gic_rst.sckt_wr_rst_ic_reg_0       |                1 |              3 |
|  clk_IBUF_BUFG                                          |                                                                                                                                         | agcmonitor/usb_if/read_byte_queue/U0/inst_fifo_gen/gconvfifo.rf/grf.rf/rstblk/ngwrdrst.grst.g7serrst.gsckt_wrst.gic_rst.sckt_wr_rst_ic_reg_0 |                3 |              3 |
|  clk_IBUF_BUFG                                          | agcmonitor/cmd_ctrl/active_cmd_reg[17]_1[0]                                                                                             | reset_IBUF                                                                                                                                   |                2 |              4 |
|  clk_IBUF_BUFG                                          | agcmonitor/cmd_ctrl/next_state                                                                                                          | reset_IBUF                                                                                                                                   |                2 |              4 |
|  clk_IBUF_BUFG                                          | agcmonitor/cmd_ctrl/active_cmd_reg[16]_1[0]                                                                                             | reset_IBUF                                                                                                                                   |                2 |              4 |
|  fpgaagc/trayb/b07oscillator/prop_clk_div/inst/clk_out1 |                                                                                                                                         | reset_IBUF                                                                                                                                   |                1 |              5 |
|  clk_IBUF_BUFG                                          | fpgaagc/traya/a07/NOR33311/MWFBG                                                                                                        | reset_IBUF                                                                                                                                   |                3 |              5 |
|  clk_IBUF_BUFG                                          | agcmonitor/cmd_ctrl/active_cmd_reg[19]_2[0]                                                                                             | reset_IBUF                                                                                                                                   |                1 |              5 |
|  clk_IBUF_BUFG                                          | fpgaagc/traya/a02/NOR37454/y_reg_1[0]                                                                                                   | reset_IBUF                                                                                                                                   |                4 |              6 |
|  fpgaagc/trayb/b07oscillator/prop_clk_div/inst/clk_out1 |                                                                                                                                         | fpgaagc/trayb/b07oscillator/VFAIL                                                                                                            |                2 |              8 |
|  clkout_IBUF_BUFG                                       |                                                                                                                                         | reset_IBUF                                                                                                                                   |                4 |              8 |
|  clkout_IBUF_BUFG                                       | agcmonitor/usb_if/cmd_rx/cmd_msg[15]_i_1_n_0                                                                                            | reset_IBUF                                                                                                                                   |                5 |              8 |
|  clk_IBUF_BUFG                                          | agcmonitor/cmd_ctrl/active_cmd_reg[20]_1[0]                                                                                             | reset_IBUF                                                                                                                                   |                3 |              8 |
|  clkout_IBUF_BUFG                                       | agcmonitor/usb_if/read_byte_queue/U0/inst_fifo_gen/gconvfifo.rf/grf.rf/gntv_or_sync_fifo.gl0.rd/gr1.gr1_int.rfwft/E[0]                  | agcmonitor/usb_if/read_byte_queue/U0/inst_fifo_gen/gconvfifo.rf/grf.rf/rstblk/SR[0]                                                          |                5 |              8 |
|  clkout_IBUF_BUFG                                       | agcmonitor/usb_if/cmd_rx/cmd_msg[39]_i_1_n_0                                                                                            | reset_IBUF                                                                                                                                   |                5 |              8 |
|  clkout_IBUF_BUFG                                       | agcmonitor/usb_if/cmd_rx/cmd_msg[7]_i_1_n_0                                                                                             | reset_IBUF                                                                                                                                   |                5 |              8 |
|  clkout_IBUF_BUFG                                       | agcmonitor/usb_if/cmd_rx/cmd_msg[31]_i_1_n_0                                                                                            | reset_IBUF                                                                                                                                   |                3 |              8 |
|  clkout_IBUF_BUFG                                       | agcmonitor/usb_if/cmd_rx/cmd_msg[23]_i_1_n_0                                                                                            | reset_IBUF                                                                                                                                   |                6 |              8 |
|  clk_IBUF_BUFG                                          |                                                                                                                                         | agcmonitor/usb_if/cmd_queue/U0/inst_fifo_gen/gconvfifo.rf/grf.rf/rstblk/SR[0]                                                                |                5 |              9 |
|  clkout_IBUF_BUFG                                       |                                                                                                                                         | agcmonitor/usb_if/read_byte_queue/U0/inst_fifo_gen/gconvfifo.rf/grf.rf/rstblk/SR[0]                                                          |                4 |             11 |
|  clk_IBUF_BUFG                                          | agcmonitor/cmd_ctrl/active_cmd_reg[19]_7[0]                                                                                             | reset_IBUF                                                                                                                                   |                3 |             11 |
|  clk_IBUF_BUFG                                          | agcmonitor/cmd_ctrl/active_cmd_reg[18]_2[0]                                                                                             | reset_IBUF                                                                                                                                   |                3 |             11 |
|  clk_IBUF_BUFG                                          | agcmonitor/cmd_ctrl/active_cmd_reg[19]_4[0]                                                                                             | reset_IBUF                                                                                                                                   |                3 |             11 |
|  clk_IBUF_BUFG                                          | agcmonitor/cmd_ctrl/active_cmd_reg[18]_7[0]                                                                                             | reset_IBUF                                                                                                                                   |                4 |             11 |
|  clk_IBUF_BUFG                                          | agcmonitor/cmd_ctrl/active_cmd_reg[17]_4[0]                                                                                             | reset_IBUF                                                                                                                                   |                3 |             12 |
|  clk_IBUF_BUFG                                          | agcmonitor/cmd_ctrl/active_cmd_reg[20]_0[0]                                                                                             | reset_IBUF                                                                                                                                   |                4 |             12 |
|  clk_IBUF_BUFG                                          | agcmonitor/cmd_ctrl/active_cmd_reg[19]_5[0]                                                                                             | reset_IBUF                                                                                                                                   |                4 |             12 |
|  clk_IBUF_BUFG                                          | agcmonitor/cmd_ctrl/active_cmd_reg[19]_3[0]                                                                                             | reset_IBUF                                                                                                                                   |                2 |             12 |
|  clk_IBUF_BUFG                                          | agcmonitor/cmd_ctrl/active_cmd_reg[16]_2[0]                                                                                             | reset_IBUF                                                                                                                                   |                3 |             12 |
|  clk_IBUF_BUFG                                          | agcmonitor/cmd_ctrl/active_cmd_reg[19]_1[0]                                                                                             | reset_IBUF                                                                                                                                   |                4 |             12 |
|  clk_IBUF_BUFG                                          | agcmonitor/cmd_ctrl/active_cmd_reg[19]_0[0]                                                                                             | reset_IBUF                                                                                                                                   |                3 |             12 |
|  clk_IBUF_BUFG                                          | agcmonitor/ctrl_regs/E[0]                                                                                                               | reset_IBUF                                                                                                                                   |                4 |             12 |
|  clk_IBUF_BUFG                                          | agcmonitor/mon_regs/reg_s/val[12]_i_1_n_0                                                                                               | reset_IBUF                                                                                                                                   |                4 |             12 |
|  clk_IBUF_BUFG                                          | agcmonitor/cmd_ctrl/active_cmd_reg[18]_1[0]                                                                                             | reset_IBUF                                                                                                                                   |                4 |             12 |
|  clk_IBUF_BUFG                                          | fpgaagc/traya/a02/NOR37407/y_reg_0                                                                                                      | reset_IBUF                                                                                                                                   |                2 |             12 |
|  clk_IBUF_BUFG                                          | agcmonitor/cmd_ctrl/active_cmd_reg[17]_6[0]                                                                                             | reset_IBUF                                                                                                                                   |                3 |             12 |
|  clk_IBUF_BUFG                                          | agcmonitor/cmd_ctrl/active_cmd_reg[17]_3[0]                                                                                             | reset_IBUF                                                                                                                                   |                3 |             14 |
|  clk_IBUF_BUFG                                          | fpgaagc/traya/a07/NOR33135/y_reg_0                                                                                                      | reset_IBUF                                                                                                                                   |                7 |             16 |
|  clk_IBUF_BUFG                                          | agcmonitor/cmd_ctrl/E[2]                                                                                                                | reset_IBUF                                                                                                                                   |                5 |             16 |
|  clk_IBUF_BUFG                                          | fpgaagc/traya/a07/NOR33207/y_reg_0                                                                                                      | reset_IBUF                                                                                                                                   |                8 |             16 |
|  clk_IBUF_BUFG                                          | fpgaagc/traya/a07/NOR33115/y_reg_0                                                                                                      | reset_IBUF                                                                                                                                   |               11 |             16 |
|  clk_IBUF_BUFG                                          | fpgaagc/traya/a07/NOR33218/y_reg_0                                                                                                      | reset_IBUF                                                                                                                                   |                8 |             16 |
|  clk_IBUF_BUFG                                          | fpgaagc/traya/a07/NOR33320/E[0]                                                                                                         | reset_IBUF                                                                                                                                   |                8 |             16 |
|  clk_IBUF_BUFG                                          | fpgaagc/traya/a07/NOR33251/y_reg_0                                                                                                      | reset_IBUF                                                                                                                                   |               10 |             16 |
|  clk_IBUF_BUFG                                          | fpgaagc/traya/a07/NOR33255/y_reg_0                                                                                                      | reset_IBUF                                                                                                                                   |               11 |             16 |
|  clk_IBUF_BUFG                                          | agcmonitor/stat_regs/adc_vccint                                                                                                         | reset_IBUF                                                                                                                                   |                7 |             16 |
|  clk_IBUF_BUFG                                          | agcmonitor/stat_regs/adc_vccaux                                                                                                         | reset_IBUF                                                                                                                                   |                5 |             16 |
|  clk_IBUF_BUFG                                          | agcmonitor/stat_regs/adc_p4sw                                                                                                           | reset_IBUF                                                                                                                                   |                6 |             16 |
|  clk_IBUF_BUFG                                          | agcmonitor/cmd_ctrl/E[1]                                                                                                                | reset_IBUF                                                                                                                                   |                5 |             16 |
|  clk_IBUF_BUFG                                          | agcmonitor/cmd_ctrl/E[3]                                                                                                                | reset_IBUF                                                                                                                                   |                6 |             16 |
|  clk_IBUF_BUFG                                          | agcmonitor/cmd_ctrl/E[0]                                                                                                                | reset_IBUF                                                                                                                                   |                7 |             16 |
|  clk_IBUF_BUFG                                          | agcmonitor/cmd_ctrl/active_cmd_reg[17]_9[0]                                                                                             | reset_IBUF                                                                                                                                   |                5 |             16 |
|  clk_IBUF_BUFG                                          | agcmonitor/cmd_ctrl/active_cmd_reg[18]_3[0]                                                                                             | reset_IBUF                                                                                                                                   |                5 |             16 |
|  clk_IBUF_BUFG                                          | agcmonitor/cmd_ctrl/active_cmd_reg[18]_4[0]                                                                                             | reset_IBUF                                                                                                                                   |                7 |             16 |
|  clk_IBUF_BUFG                                          | agcmonitor/cmd_ctrl/active_cmd_reg[39]_0[0]                                                                                             | reset_IBUF                                                                                                                                   |                5 |             16 |
|  clk_IBUF_BUFG                                          | agcmonitor/ctrl_regs/p_match_reg[0]                                                                                                     | reset_IBUF                                                                                                                                   |                6 |             16 |
|  clk_IBUF_BUFG                                          | agcmonitor/stat_regs/adc_bplssw                                                                                                         | reset_IBUF                                                                                                                                   |                5 |             16 |
|  clk_IBUF_BUFG                                          | agcmonitor/stat_regs/adc_mtemp                                                                                                          | reset_IBUF                                                                                                                                   |                6 |             16 |
|  clk_IBUF_BUFG                                          | agcmonitor/stat_regs/adc_p3v3io                                                                                                         | reset_IBUF                                                                                                                                   |                5 |             16 |
|  clk_IBUF_BUFG                                          | agcmonitor/stat_regs/adc_temp                                                                                                           | reset_IBUF                                                                                                                                   |                8 |             16 |
|  clk_IBUF_BUFG                                          | agcmonitor/usb_if/read_msg_queue/U0/inst_fifo_gen/gconvfifo.rf/grf.rf/gntv_or_sync_fifo.gl0.wr/gwss.wsts/p_17_out                       | reset_IBUF                                                                                                                                   |                5 |             26 |
|  clk_IBUF_BUFG                                          | agcmonitor/usb_if/cmd_queue/U0/inst_fifo_gen/gconvfifo.rf/grf.rf/gntv_or_sync_fifo.gl0.rd/gr1.gr1_int.rfwft/ram_empty_fb_i_reg          | agcmonitor/usb_if/cmd_queue/U0/inst_fifo_gen/gconvfifo.rf/grf.rf/rstblk/SR[0]                                                                |                6 |             26 |
|  clk_IBUF_BUFG                                          | agcmonitor/usb_if/read_msg_queue/U0/inst_fifo_gen/gconvfifo.rf/grf.rf/gntv_or_sync_fifo.gl0.rd/gr1.gr1_int.rfwft/ram_empty_fb_i_reg[0]  | reset_IBUF                                                                                                                                   |                7 |             26 |
|  clkout_IBUF_BUFG                                       | agcmonitor/usb_if/cmd_queue/U0/inst_fifo_gen/gconvfifo.rf/grf.rf/gntv_or_sync_fifo.gl0.wr/gwas.wsts/p_20_out                            | agcmonitor/usb_if/cmd_queue/U0/inst_fifo_gen/gconvfifo.rf/grf.rf/rstblk/ngwrdrst.grst.g7serrst.gsckt_wrst.gic_rst.sckt_wr_rst_ic_reg_0       |               11 |             39 |
|  clk_IBUF_BUFG                                          | agcmonitor/usb_if/cmd_queue/U0/inst_fifo_gen/gconvfifo.rf/grf.rf/gntv_or_sync_fifo.gl0.rd/gr1.gr1_int.rfwft/E[0]                        | agcmonitor/usb_if/cmd_queue/U0/inst_fifo_gen/gconvfifo.rf/grf.rf/rstblk/SR[0]                                                                |               10 |             40 |
|  clk_IBUF_BUFG                                          | agcmonitor/usb_if/read_msg_queue/U0/inst_fifo_gen/gconvfifo.rf/grf.rf/gntv_or_sync_fifo.gl0.rd/gr1.gr1_int.rfwft/E[0]                   | reset_IBUF                                                                                                                                   |               12 |             40 |
|  clk_IBUF_BUFG                                          | agcmonitor/usb_if/msg_sndr/active_msg[39]_i_1_n_0                                                                                       | reset_IBUF                                                                                                                                   |               11 |             40 |
|  clk_IBUF_BUFG                                          | agcmonitor/cmd_ctrl/state_reg[3]_0[0]                                                                                                   | reset_IBUF                                                                                                                                   |               18 |             40 |
|  clk_IBUF_BUFG                                          | agcmonitor/usb_if/read_byte_queue/U0/inst_fifo_gen/gconvfifo.rf/grf.rf/gntv_or_sync_fifo.gl0.wr/gwas.wsts/p_20_out                      | agcmonitor/usb_if/read_byte_queue/U0/inst_fifo_gen/gconvfifo.rf/grf.rf/rstblk/ngwrdrst.grst.g7serrst.gsckt_wrst.gic_rst.sckt_wr_rst_ic_reg_0 |                9 |             45 |
|  clkout_IBUF_BUFG                                       | agcmonitor/usb_if/read_byte_queue/U0/inst_fifo_gen/gconvfifo.rf/grf.rf/gntv_or_sync_fifo.gl0.rd/gr1.gr1_int.rfwft/ram_empty_fb_i_reg[0] | agcmonitor/usb_if/read_byte_queue/U0/inst_fifo_gen/gconvfifo.rf/grf.rf/rstblk/SR[0]                                                          |               13 |             45 |
|  clk_IBUF_BUFG                                          |                                                                                                                                         | reset_IBUF                                                                                                                                   |               26 |             64 |
|  clkout_IBUF_BUFG                                       |                                                                                                                                         |                                                                                                                                              |               46 |            157 |
|  clk_IBUF_BUFG                                          |                                                                                                                                         |                                                                                                                                              |               50 |            162 |
| ~fpgaagc/trayb/b07oscillator/prop_clk_div/inst/clk_out1 |                                                                                                                                         | fpgaagc/trayb/b07oscillator/reset                                                                                                            |              186 |            515 |
|  fpgaagc/trayb/b07oscillator/prop_clk_div/inst/clk_out1 |                                                                                                                                         | fpgaagc/trayb/b07oscillator/reset                                                                                                            |              214 |           1030 |
| ~fpgaagc/trayb/b07oscillator/prop_clk_div/inst/clk_out1 |                                                                                                                                         | fpgaagc/traya/a18/NOR42457/y_reg_1                                                                                                           |             1152 |           4012 |
|  fpgaagc/trayb/b07oscillator/prop_clk_div/inst/clk_out1 |                                                                                                                                         | fpgaagc/traya/a18/NOR42457/y_reg_1                                                                                                           |             1203 |           8024 |
+---------------------------------------------------------+-----------------------------------------------------------------------------------------------------------------------------------------+----------------------------------------------------------------------------------------------------------------------------------------------+------------------+----------------+


