Copyright 1986-2019 Xilinx, Inc. All Rights Reserved.
-------------------------------------------------------------------------------------
| Tool Version : Vivado v.2019.1 (lin64) Build 2552052 Fri May 24 14:47:09 MDT 2019
| Date         : Fri Jan 24 19:16:15 2020
| Host         : fpgadev running 64-bit Ubuntu 18.04.3 LTS
| Command      : report_control_sets -verbose -file toplevel_control_sets_placed.rpt
| Design       : toplevel
| Device       : xc7z020
-------------------------------------------------------------------------------------

Control Set Information

Table of Contents
-----------------
1. Summary
2. Histogram
3. Flip-Flop Distribution
4. Detailed Control Set Information

1. Summary
----------

+----------------------------------------------------------+-------+
|                          Status                          | Count |
+----------------------------------------------------------+-------+
| Total control sets                                       |    37 |
|    Minimum number of control sets                        |    37 |
|    Addition due to synthesis replication                 |     0 |
|    Addition due to physical synthesis replication        |     0 |
| Unused register locations in slices containing registers |   104 |
+----------------------------------------------------------+-------+
* Control sets can be merged at opt_design using control_set_merge or merge_equivalent_drivers
** Run report_qor_suggestions for automated merging and remapping suggestions


2. Histogram
------------

+--------------------+-------+
|       Fanout       | Count |
+--------------------+-------+
| Total control sets |    37 |
| >= 0 to < 4        |     2 |
| >= 4 to < 6        |     3 |
| >= 6 to < 8        |     1 |
| >= 8 to < 10       |     8 |
| >= 10 to < 12      |     1 |
| >= 12 to < 14      |     3 |
| >= 14 to < 16      |     0 |
| >= 16              |    19 |
+--------------------+-------+
* Control sets can be remapped at either synth_design or opt_design


3. Flip-Flop Distribution
-------------------------

+--------------+-----------------------+------------------------+-----------------+--------------+
| Clock Enable | Synchronous Set/Reset | Asynchronous Set/Reset | Total Registers | Total Slices |
+--------------+-----------------------+------------------------+-----------------+--------------+
| No           | No                    | No                     |             315 |           95 |
| No           | No                    | Yes                    |           13588 |         2796 |
| No           | Yes                   | No                     |              46 |           20 |
| Yes          | No                    | No                     |               0 |            0 |
| Yes          | No                    | Yes                    |             160 |           62 |
| Yes          | Yes                   | No                     |             291 |           72 |
+--------------+-----------------------+------------------------+-----------------+--------------+


4. Detailed Control Set Information
-----------------------------------

+---------------------------------------------------------+-----------------------------------------------------------------------------------------------------------------------------------------+----------------------------------------------------------------------------------------------------------------------------------------------+------------------+----------------+
|                       Clock Signal                      |                                                              Enable Signal                                                              |                                                               Set/Reset Signal                                                               | Slice Load Count | Bel Load Count |
+---------------------------------------------------------+-----------------------------------------------------------------------------------------------------------------------------------------+----------------------------------------------------------------------------------------------------------------------------------------------+------------------+----------------+
|  clkout_IBUF_BUFG                                       |                                                                                                                                         | agcmonitor/usb_if/cmd_queue/U0/inst_fifo_gen/gconvfifo.rf/grf.rf/rstblk/ngwrdrst.grst.g7serrst.gsckt_wrst.gic_rst.sckt_wr_rst_ic_reg_0       |                3 |              3 |
|  clk_IBUF_BUFG                                          |                                                                                                                                         | agcmonitor/usb_if/read_byte_queue/U0/inst_fifo_gen/gconvfifo.rf/grf.rf/rstblk/ngwrdrst.grst.g7serrst.gsckt_wrst.gic_rst.sckt_wr_rst_ic_reg_0 |                1 |              3 |
|  clk_IBUF_BUFG                                          | agcmonitor/cmd_ctrl/active_cmd_reg[19]_0[0]                                                                                             | reset_IBUF                                                                                                                                   |                1 |              4 |
|  clk_IBUF_BUFG                                          | agcmonitor/cmd_ctrl/FSM_sequential_state[3]_i_1_n_0                                                                                     | reset_IBUF                                                                                                                                   |                2 |              4 |
|  fpgaagc/trayb/b07oscillator/prop_clk_div/inst/clk_out1 |                                                                                                                                         | reset_IBUF                                                                                                                                   |                1 |              5 |
|  clkout_IBUF_BUFG                                       |                                                                                                                                         | reset_IBUF                                                                                                                                   |                4 |              7 |
|  fpgaagc/trayb/b07oscillator/prop_clk_div/inst/clk_out1 |                                                                                                                                         | fpgaagc/trayb/b07oscillator/VFAIL                                                                                                            |                2 |              8 |
|  clkout_IBUF_BUFG                                       | agcmonitor/usb_if/cmd_rx/cmd_msg[15]_i_1_n_0                                                                                            | reset_IBUF                                                                                                                                   |                5 |              8 |
|  clkout_IBUF_BUFG                                       | agcmonitor/usb_if/cmd_rx/cmd_msg[31]_i_1_n_0                                                                                            | reset_IBUF                                                                                                                                   |                3 |              8 |
|  clkout_IBUF_BUFG                                       | agcmonitor/usb_if/cmd_rx/cmd_msg[39]_i_1_n_0                                                                                            | reset_IBUF                                                                                                                                   |                3 |              8 |
|  clkout_IBUF_BUFG                                       | agcmonitor/usb_if/read_byte_queue/U0/inst_fifo_gen/gconvfifo.rf/grf.rf/gntv_or_sync_fifo.gl0.rd/gr1.gr1_int.rfwft/E[0]                  | agcmonitor/usb_if/read_byte_queue/U0/inst_fifo_gen/gconvfifo.rf/grf.rf/rstblk/SR[0]                                                          |                5 |              8 |
|  clkout_IBUF_BUFG                                       | agcmonitor/usb_if/cmd_rx/cmd_msg[7]_i_1_n_0                                                                                             | reset_IBUF                                                                                                                                   |                3 |              8 |
|  clkout_IBUF_BUFG                                       | agcmonitor/usb_if/cmd_rx/cmd_msg[23]_i_1_n_0                                                                                            | reset_IBUF                                                                                                                                   |                4 |              8 |
|  clk_IBUF_BUFG                                          |                                                                                                                                         | agcmonitor/usb_if/cmd_queue/U0/inst_fifo_gen/gconvfifo.rf/grf.rf/rstblk/SR[0]                                                                |                5 |              9 |
|  clkout_IBUF_BUFG                                       |                                                                                                                                         | agcmonitor/usb_if/read_byte_queue/U0/inst_fifo_gen/gconvfifo.rf/grf.rf/rstblk/SR[0]                                                          |                3 |             11 |
|  clk_IBUF_BUFG                                          | agcmonitor/cmd_ctrl/active_cmd_reg[18]_0[0]                                                                                             | reset_IBUF                                                                                                                                   |                6 |             12 |
|  clk_IBUF_BUFG                                          | agcmonitor/cmd_ctrl/active_cmd_reg[20]_0[0]                                                                                             | reset_IBUF                                                                                                                                   |                4 |             12 |
|  clk_IBUF_BUFG                                          | agcmonitor/cmd_ctrl/active_cmd_reg[16]_0[0]                                                                                             | reset_IBUF                                                                                                                                   |                6 |             12 |
|  clk_IBUF_BUFG                                          |                                                                                                                                         | reset_IBUF                                                                                                                                   |               13 |             25 |
|  clk_IBUF_BUFG                                          | agcmonitor/usb_if/read_msg_queue/U0/inst_fifo_gen/gconvfifo.rf/grf.rf/gntv_or_sync_fifo.gl0.wr/gwss.wsts/p_17_out                       | reset_IBUF                                                                                                                                   |                6 |             26 |
|  clk_IBUF_BUFG                                          | agcmonitor/usb_if/read_msg_queue/U0/inst_fifo_gen/gconvfifo.rf/grf.rf/gntv_or_sync_fifo.gl0.rd/gr1.gr1_int.rfwft/ram_empty_fb_i_reg[0]  | reset_IBUF                                                                                                                                   |                7 |             26 |
|  clk_IBUF_BUFG                                          | agcmonitor/usb_if/cmd_queue/U0/inst_fifo_gen/gconvfifo.rf/grf.rf/gntv_or_sync_fifo.gl0.rd/gr1.gr1_int.rfwft/ram_empty_fb_i_reg          | agcmonitor/usb_if/cmd_queue/U0/inst_fifo_gen/gconvfifo.rf/grf.rf/rstblk/SR[0]                                                                |                4 |             26 |
|  clk_IBUF_BUFG                                          | agcmonitor/cmd_ctrl/E[0]                                                                                                                | reset_IBUF                                                                                                                                   |               13 |             36 |
|  clk_IBUF_BUFG                                          | agcmonitor/usb_if/cmd_queue/U0/inst_fifo_gen/gconvfifo.rf/grf.rf/gntv_or_sync_fifo.gl0.rd/gr1.gr1_int.rfwft/E[0]                        | agcmonitor/usb_if/cmd_queue/U0/inst_fifo_gen/gconvfifo.rf/grf.rf/rstblk/SR[0]                                                                |                8 |             36 |
|  clkout_IBUF_BUFG                                       | agcmonitor/usb_if/cmd_queue/U0/inst_fifo_gen/gconvfifo.rf/grf.rf/gntv_or_sync_fifo.gl0.wr/gwas.wsts/p_20_out                            | agcmonitor/usb_if/cmd_queue/U0/inst_fifo_gen/gconvfifo.rf/grf.rf/rstblk/ngwrdrst.grst.g7serrst.gsckt_wrst.gic_rst.sckt_wr_rst_ic_reg_0       |                9 |             39 |
|  clk_IBUF_BUFG                                          | agcmonitor/usb_if/read_msg_queue/U0/inst_fifo_gen/gconvfifo.rf/grf.rf/gntv_or_sync_fifo.gl0.rd/gr1.gr1_int.rfwft/E[0]                   | reset_IBUF                                                                                                                                   |               11 |             40 |
|  clk_IBUF_BUFG                                          | agcmonitor/usb_if/msg_sndr/active_msg[39]_i_1_n_0                                                                                       | reset_IBUF                                                                                                                                   |               12 |             40 |
|  clk_IBUF_BUFG                                          | agcmonitor/usb_if/read_byte_queue/U0/inst_fifo_gen/gconvfifo.rf/grf.rf/gntv_or_sync_fifo.gl0.wr/gwas.wsts/p_20_out                      | agcmonitor/usb_if/read_byte_queue/U0/inst_fifo_gen/gconvfifo.rf/grf.rf/rstblk/ngwrdrst.grst.g7serrst.gsckt_wrst.gic_rst.sckt_wr_rst_ic_reg_0 |               13 |             45 |
|  clkout_IBUF_BUFG                                       | agcmonitor/usb_if/read_byte_queue/U0/inst_fifo_gen/gconvfifo.rf/grf.rf/gntv_or_sync_fifo.gl0.rd/gr1.gr1_int.rfwft/ram_empty_fb_i_reg[0] | agcmonitor/usb_if/read_byte_queue/U0/inst_fifo_gen/gconvfifo.rf/grf.rf/rstblk/SR[0]                                                          |                9 |             45 |
|  clkout_IBUF_BUFG                                       |                                                                                                                                         |                                                                                                                                              |               44 |            157 |
|  clk_IBUF_BUFG                                          |                                                                                                                                         |                                                                                                                                              |               51 |            162 |
| ~fpgaagc/trayb/b07oscillator/prop_clk_div/inst/clk_out1 |                                                                                                                                         | fpgaagc/trayb/b07oscillator/reset                                                                                                            |              180 |            512 |
|  fpgaagc/trayb/b07oscillator/prop_clk_div/inst/clk_out1 |                                                                                                                                         | fpgaagc/trayb/b07oscillator/reset                                                                                                            |              192 |           1024 |
| ~fpgaagc/trayb/b07oscillator/prop_clk_div/inst/clk_out1 |                                                                                                                                         | fpgaagc/trayb/b07oscillator/vrst_0                                                                                                           |              548 |           1820 |
| ~fpgaagc/trayb/b07oscillator/prop_clk_div/inst/clk_out1 |                                                                                                                                         | fpgaagc/traya/a18/NOR42457/vrst_0                                                                                                            |              631 |           2189 |
|  fpgaagc/trayb/b07oscillator/prop_clk_div/inst/clk_out1 |                                                                                                                                         | fpgaagc/trayb/b07oscillator/vrst_0                                                                                                           |              583 |           3640 |
|  fpgaagc/trayb/b07oscillator/prop_clk_div/inst/clk_out1 |                                                                                                                                         | fpgaagc/traya/a18/NOR42457/vrst_0                                                                                                            |              650 |           4378 |
+---------------------------------------------------------+-----------------------------------------------------------------------------------------------------------------------------------------+----------------------------------------------------------------------------------------------------------------------------------------------+------------------+----------------+


